\BOOKMARK [1][-]{section*.1}{\376\377\000D\000A\000N\000H\000\040\000M\036\344\000C\000\040\000H\000\314\000N\000H\000\040\000V\036\274}{}% 1
\BOOKMARK [1][-]{section*.2}{\376\377\000D\000A\000N\000H\000\040\000M\036\344\000C\000\040\000B\036\242\000N\000G\000\040\000B\000I\036\302\000U}{}% 2
\BOOKMARK [1][-]{section*.2}{\376\377\000D\000A\000N\000H\000\040\000M\036\344\000C\000\040\000C\000\301\000C\000\040\000T\036\352\000\040\000V\000I\036\276\000T\000\040\000T\036\256\000T}{}% 3
\BOOKMARK [1][-]{section.1}{\376\377\000M\036\336\000\040\001\020\036\246\000U\000\040\000V\000\300\000\040\000T\036\324\000N\000G\000\040\000Q\000U\000A\000N\000\040\001\020\036\300\000\040\000T\000\300\000I}{}% 4
\BOOKMARK [2][-]{subsection.1.1}{\376\377\000L\000\375\000\040\000d\000o\000\040\000c\000h\036\315\000n\000\040\001\021\036\301\000\040\000t\000\340\000i}{section.1}% 5
\BOOKMARK [2][-]{subsection.1.2}{\376\377\000M\036\345\000c\000\040\000t\000i\000\352\000u\000\040\000t\000h\036\361\000c\000\040\000h\000i\036\307\000n\000\040\001\021\036\301\000\040\000t\000\340\000i}{section.1}% 6
\BOOKMARK [2][-]{subsection.1.3}{\376\377\001\020\036\321\000i\000\040\000t\001\260\036\343\000n\000g\000\040\000v\000\340\000\040\000p\000h\036\241\000m\000\040\000v\000i\000\040\000n\000g\000h\000i\000\352\000n\000\040\000c\036\351\000u}{section.1}% 7
\BOOKMARK [2][-]{subsection.1.4}{\376\377\000P\000h\001\260\001\241\000n\000g\000\040\000p\000h\000\341\000p\000\040\000n\000g\000h\000i\000\352\000n\000\040\000c\036\351\000u}{section.1}% 8
\BOOKMARK [2][-]{subsection.1.5}{\376\377\000\335\000\040\000n\000g\000h\001\051\000a\000\040\000t\000h\036\361\000c\000\040\000t\000i\036\305\000n\000\040\000c\036\347\000a\000\040\001\021\036\301\000\040\000t\000\340\000i}{section.1}% 9
\BOOKMARK [2][-]{subsection.1.6}{\376\377\000B\036\321\000\040\000c\036\345\000c\000\040\000b\000\341\000o\000\040\000c\000\341\000o}{section.1}% 10
\BOOKMARK [1][-]{section.2}{\376\377\000C\001\240\000\040\000S\036\336\000\040\000L\000\335\000\040\000T\000H\000U\000Y\036\276\000T}{}% 11
\BOOKMARK [2][-]{subsection.2.1}{\376\377\000T\036\325\000n\000g\000\040\000q\000u\000a\000n\000\040\000v\036\301\000\040\000m\036\241\000n\000g\000\040\000C\000a\000m\000p\000u\000s}{section.2}% 12
\BOOKMARK [2][-]{subsection.2.2}{\376\377\000M\000\364\000\040\000h\000\354\000n\000h\000\040\000m\036\241\000n\000g\000\040\000p\000h\000\342\000n\000\040\000c\036\245\000p\000\040\000C\000o\000r\000e\040\023\000D\000i\000s\000t\000r\000i\000b\000u\000t\000i\000o\000n\040\023\000A\000c\000c\000e\000s\000s}{section.2}% 13
\BOOKMARK [2][-]{subsection.2.3}{\376\377\000V\000L\000A\000N\000\040\000v\000\340\000\040\000p\000h\000\342\000n\000\040\001\021\000o\036\241\000n\000\040\000m\036\241\000n\000g}{section.2}% 14
\BOOKMARK [2][-]{subsection.2.4}{\376\377\001\020\036\313\000n\000h\000\040\000t\000u\000y\036\277\000n\000\040\000v\000\340\000\040\000d\036\313\000c\000h\000\040\000v\036\345\000\040\000m\036\241\000n\000g\000\040\000n\036\301\000n\000\040\000t\036\243\000n\000g}{section.2}% 15
\BOOKMARK [2][-]{subsection.2.5}{\376\377\000C\001\241\000\040\000c\000h\036\277\000\040\000b\036\243\000o\000\040\000m\036\255\000t\000\040\000v\000\340\000\040\000d\036\361\000\040\000p\000h\000\362\000n\000g\000\040\000t\000r\000o\000n\000g\000\040\000m\036\241\000n\000g\000\040\000C\000a\000m\000p\000u\000s}{section.2}% 16
\BOOKMARK [2][-]{subsection.2.6}{\376\377\000C\000\364\000n\000g\000\040\000n\000g\000h\036\307\000\040\000S\000D\000N}{section.2}% 17
\BOOKMARK [3][-]{subsubsection.2.6.1}{\376\377\000K\000i\036\277\000n\000\040\000t\000r\000\372\000c\000\040\000S\000D\000N\000\040\000b\000a\000\040\000l\036\333\000p}{subsection.2.6}% 18
\BOOKMARK [3][-]{subsubsection.2.6.2}{\376\377\000N\000g\000u\000y\000\352\000n\000\040\000l\000\375\000\040\000h\000o\036\241\000t\000\040\001\021\036\331\000n\000g\000\040\000c\036\347\000a\000\040\000S\000D\000N}{subsection.2.6}% 19
\BOOKMARK [3][-]{subsubsection.2.6.3}{\376\377\000C\000\341\000c\000\040\000g\000i\000a\000o\000\040\000t\000h\036\351\000c\000\040\000v\000\340\000\040\000g\000i\000a\000o\000\040\000d\000i\036\307\000n\000\040\000t\000r\000o\000n\000g\000\040\000S\000D\000N}{subsection.2.6}% 20
\BOOKMARK [3][-]{subsubsection.2.6.4}{\376\377\000P\000h\000\342\000n\000\040\000l\000o\036\241\000i\000\040\000m\000\364\000\040\000h\000\354\000n\000h\000\040\000S\000D\000N}{subsection.2.6}% 21
\BOOKMARK [3][-]{subsubsection.2.6.5}{\376\377\001\257\000u\000\040\000v\000\340\000\040\000n\000h\001\260\036\343\000c\000\040\001\021\000i\036\303\000m\000\040\000c\036\347\000a\000\040\000S\000D\000N}{subsection.2.6}% 22
\BOOKMARK [3][-]{subsubsection.2.6.6}{\376\377\036\350\000n\000g\000\040\000d\036\345\000n\000g\000\040\000t\000h\036\361\000c\000\040\000t\036\277\000\040\000c\036\347\000a\000\040\000S\000D\000N}{subsection.2.6}% 23
\BOOKMARK [2][-]{subsection.2.7}{\376\377\000C\000\364\000n\000g\000\040\000n\000g\000h\036\307\000\040\000S\000D\000-\000W\000A\000N}{section.2}% 24
\BOOKMARK [1][-]{section.3}{\376\377\000M\000\324\000\040\000H\000\314\000N\000H\000\040\000M\036\240\000N\000G\000\040\000C\000A\000M\000P\000U\000S\000\040\001\020\036\300\000\040\000X\000U\036\244\000T}{}% 25
\BOOKMARK [2][-]{subsection.3.1}{\376\377\000P\000h\000\342\000n\000\040\000t\000\355\000c\000h\000\040\000b\000\340\000i\000\040\000t\000o\000\341\000n\000\040\000v\000\340\000\040\000y\000\352\000u\000\040\000c\036\247\000u\000\040\000t\000h\000i\036\277\000t\000\040\000k\036\277\000\040\000h\036\307\000\040\000t\000h\036\321\000n\000g}{section.3}% 26
\BOOKMARK [3][-]{subsubsection.3.1.1}{\376\377\000B\000\340\000i\000\040\000t\000o\000\341\000n\000\040\001\021\001\241\000n\000\040\000g\000i\036\243\000n\000\040\000h\000\363\000a\000\040\000q\000u\000\341\000\040\000t\000r\000\354\000n\000h\000\040\000q\000u\036\243\000n\000\040\000l\000\375\000\040\000m\036\241\000n\000g\000\040\000C\000a\000m\000p\000u\000s}{subsection.3.1}% 27
\BOOKMARK [3][-]{subsubsection.3.1.2}{\376\377\000C\001\241\000\040\000s\036\337\000\040\000l\036\361\000a\000\040\000c\000h\036\315\000n\000\040\000m\000\364\000\040\000h\000\354\000n\000h\000\040\001\021\036\301\000\040\000x\000u\036\245\000t}{subsection.3.1}% 28
\BOOKMARK [3][-]{subsubsection.3.1.3}{\376\377\000P\000h\036\241\000m\000\040\000v\000i\000\040\000g\000i\036\243\000\040\001\021\036\313\000n\000h\000\040\000c\036\347\000a\000\040\000h\036\307\000\040\000t\000h\036\321\000n\000g}{subsection.3.1}% 29
\BOOKMARK [3][-]{subsubsection.3.1.4}{\376\377\000Y\000\352\000u\000\040\000c\036\247\000u\000\040\000c\000h\036\351\000c\000\040\000n\001\003\000n\000g\000\040\000v\000\340\000\040\000p\000h\000i\000\040\000c\000h\036\351\000c\000\040\000n\001\003\000n\000g\000\040\000c\036\347\000a\000\040\000h\036\307\000\040\000t\000h\036\321\000n\000g}{subsection.3.1}% 30
\BOOKMARK [2][-]{subsection.3.2}{\376\377\000K\000i\036\277\000n\000\040\000t\000r\000\372\000c\000\040\000t\036\325\000n\000g\000\040\000t\000h\036\303}{section.3}% 31
\BOOKMARK [2][-]{subsection.3.3}{\376\377\000T\000h\000i\036\277\000t\000\040\000k\036\277\000\040\000t\000o\000p\000o\000l\000o\000g\000y\000\040\000m\036\241\000n\000g}{section.3}% 32
\BOOKMARK [3][-]{subsubsection.3.3.1}{\376\377\000T\000o\000p\000o\000l\000o\000g\000y\000\040\000t\036\241\000i\000\040\000C\000a\000m\000p\000u\000s\000\040\000c\000h\000\355\000n\000h}{subsection.3.3}% 33
\BOOKMARK [3][-]{subsubsection.3.3.2}{\376\377\000T\000o\000p\000o\000l\000o\000g\000y\000\040\000v\000\371\000n\000g\000\040\001\021\000i\036\301\000u\000\040\000k\000h\000i\036\303\000n\000\040\000v\000\340\000\040\000m\036\241\000n\000g\000\040\000t\000r\000u\000y\036\301\000n\000\040\000t\036\243\000i\000\040\000S\000D\000-\000W\000A\000N}{subsection.3.3}% 34
\BOOKMARK [3][-]{subsubsection.3.3.3}{\376\377\000T\000o\000p\000o\000l\000o\000g\000y\000\040\000t\036\241\000i\000\040\000c\000\341\000c\000\040\000c\001\241\000\040\000s\036\337\000\040\000p\000h\036\345}{subsection.3.3}% 35
\BOOKMARK [3][-]{subsubsection.3.3.4}{\376\377\000L\000u\036\323\000n\000g\000\040\000l\001\260\000u\000\040\000l\001\260\036\343\000n\000g\000\040\000t\000r\000o\000n\000g\000\040\000t\000o\000p\000o\000l\000o\000g\000y}{subsection.3.3}% 36
\BOOKMARK [3][-]{subsubsection.3.3.5}{\376\377\000C\001\241\000\040\000c\000h\036\277\000\040\000d\036\361\000\040\000p\000h\000\362\000n\000g\000\040\000v\000\340\000\040\000k\000h\036\243\000\040\000n\001\003\000n\000g\000\040\000m\036\337\000\040\000r\036\331\000n\000g}{subsection.3.3}% 37
\BOOKMARK [2][-]{subsection.3.4}{\376\377\000P\000h\000\342\000n\000\040\000h\000o\036\241\000c\000h\000\040\000V\000L\000A\000N\000\040\000v\000\340\000\040\001\021\036\313\000a\000\040\000c\000h\036\311\000\040\000I\000P}{section.3}% 38
\BOOKMARK [3][-]{subsubsection.3.4.1}{\376\377\000P\000h\000\342\000n\000\040\000h\000o\036\241\000c\000h\000\040\000V\000L\000A\000N\000\040\000t\036\241\000i\000\040\000C\000a\000m\000p\000u\000s\000\040\000c\000h\000\355\000n\000h}{subsection.3.4}% 39
\BOOKMARK [3][-]{subsubsection.3.4.2}{\376\377\000P\000h\000\342\000n\000\040\000h\000o\036\241\000c\000h\000\040\000V\000L\000A\000N\000\040\000t\036\241\000i\000\040\000c\000\341\000c\000\040\000c\001\241\000\040\000s\036\337\000\040\000p\000h\036\345}{subsection.3.4}% 40
\BOOKMARK [3][-]{subsubsection.3.4.3}{\376\377\000Q\000u\000y\000\040\000h\000o\036\241\000c\000h\000\040\001\021\036\313\000a\000\040\000c\000h\036\311\000\040\000S\000D\000-\000W\000A\000N\000\040\000C\000o\000n\000t\000r\000o\000l\000l\000e\000r}{subsection.3.4}% 41
\BOOKMARK [3][-]{subsubsection.3.4.4}{\376\377\000Q\000u\000y\000\040\000h\000o\036\241\000c\000h\000\040\000S\000y\000s\000t\000e\000m\000-\000I\000P\000\040\000v\000\340\000\040\000T\000L\000O\000C}{subsection.3.4}% 42
\BOOKMARK [3][-]{subsubsection.3.4.5}{\376\377\000N\000g\000u\000y\000\352\000n\000\040\000t\036\257\000c\000\040\000v\036\255\000n\000\040\000h\000\340\000n\000h\000\040\000v\000\340\000\040\000m\036\337\000\040\000r\036\331\000n\000g\000\040\001\021\036\313\000a\000\040\000c\000h\036\311}{subsection.3.4}% 43
\BOOKMARK [2][-]{subsection.3.5}{\376\377\000T\000h\000i\036\277\000t\000\040\000k\036\277\000\040\000q\000u\036\243\000n\000\040\000l\000\375\000\040\000t\036\255\000p\000\040\000t\000r\000u\000n\000g\000\040\000b\036\261\000n\000g\000\040\000S\000D\000N\000\040\000C\000o\000n\000t\000r\000o\000l\000l\000e\000r}{section.3}% 44
\BOOKMARK [2][-]{subsection.3.6}{\376\377\000T\000h\000i\036\277\000t\000\040\000k\036\277\000\040\000k\036\277\000t\000\040\000n\036\321\000i\000\040\000c\000\341\000c\000\040\000c\001\241\000\040\000s\036\337\000\040\000b\036\261\000n\000g\000\040\000S\000D\000-\000W\000A\000N}{section.3}% 45
\BOOKMARK [2][-]{subsection.3.7}{\376\377\000T\000h\000i\036\277\000t\000\040\000k\036\277\000\040\000c\000h\000\355\000n\000h\000\040\000s\000\341\000c\000h\000\040\000b\036\243\000o\000\040\000m\036\255\000t}{section.3}% 46
\BOOKMARK [1][-]{section.4}{\376\377\000T\000R\000I\036\302\000N\000\040\000K\000H\000A\000I\000,\000\040\000K\000I\036\302\000M\000\040\000T\000H\036\354\000\040\000V\000\300\000\040\001\020\000\301\000N\000H\000\040\000G\000I\000\301}{}% 47
\BOOKMARK [2][-]{subsection.4.1}{\376\377\000M\036\345\000c\000\040\000t\000i\000\352\000u\000\040\000v\000\340\000\040\000n\000g\000u\000y\000\352\000n\000\040\000t\036\257\000c\000\040\000t\000r\000i\036\303\000n\000\040\000k\000h\000a\000i}{section.4}% 48
\BOOKMARK [2][-]{subsection.4.2}{\376\377\000M\000\364\000i\000\040\000t\000r\001\260\036\335\000n\000g\000\040\000t\000r\000i\036\303\000n\000\040\000k\000h\000a\000i}{section.4}% 49
\BOOKMARK [3][-]{subsubsection.4.2.1}{\376\377\000N\036\301\000n\000\040\000t\036\243\000n\000g\000\040\000m\000\364\000\040\000p\000h\036\317\000n\000g\000\040\000v\000\340\000\040\000t\000h\000\340\000n\000h\000\040\000p\000h\036\247\000n\000\040\000p\000h\036\247\000n\000\040\000m\036\301\000m}{subsection.4.2}% 50
\BOOKMARK [3][-]{subsubsection.4.2.2}{\376\377\000Q\000u\036\243\000n\000\040\000l\000\375\000\040\000n\000g\000u\036\323\000n\000\040\000c\036\245\000u\000\040\000h\000\354\000n\000h}{subsection.4.2}% 51
\BOOKMARK [2][-]{subsection.4.3}{\376\377\000T\000r\000i\036\303\000n\000\040\000k\000h\000a\000i\000\040\000m\036\241\000n\000g\000\040\000L\000A\000N\000\040\000t\036\241\000i\000\040\000C\000a\000m\000p\000u\000s\000\040\000c\000h\000\355\000n\000h}{section.4}% 52
\BOOKMARK [3][-]{subsubsection.4.3.1}{\376\377\000V\000L\000A\000N\000,\000\040\000t\000r\000u\000n\000k\000\040\000v\000\340\000\040\000g\000a\000t\000e\000w\000a\000y\000\040\000d\036\361\000\040\000p\000h\000\362\000n\000g}{subsection.4.3}% 53
\BOOKMARK [3][-]{subsubsection.4.3.2}{\376\377\000F\000i\000r\000e\000w\000a\000l\000l\000\040\000H\000A\000,\000\040\000D\000M\000Z\000\040\000v\000\340\000\040\000m\036\241\000n\000g\000\040\000q\000u\036\243\000n\000\040\000t\000r\036\313}{subsection.4.3}% 54
\BOOKMARK [3][-]{subsubsection.4.3.3}{\376\377\000D\036\313\000c\000h\000\040\000v\036\345\000\040\000S\000y\000s\000l\000o\000g\000\040\000v\000\340\000\040\000D\000H\000C\000P\000\040\000C\000a\000m\000p\000u\000s}{subsection.4.3}% 55
\BOOKMARK [2][-]{subsection.4.4}{\376\377\000T\000r\000i\036\303\000n\000\040\000k\000h\000a\000i\000\040\000m\036\241\000n\000g\000\040\000L\000A\000N\000\040\000t\036\241\000i\000\040\000c\000\341\000c\000\040\000c\001\241\000\040\000s\036\337\000\040\000p\000h\036\345}{section.4}% 56
\BOOKMARK [2][-]{subsection.4.5}{\376\377\000T\000r\000i\036\303\000n\000\040\000k\000h\000a\000i\000\040\000S\000D\000N\000\040\000t\036\241\000i\000\040\000S\000i\000t\000e\000\040\0001\0000\0000}{section.4}% 57
\BOOKMARK [3][-]{subsubsection.4.5.1}{\376\377\000K\000i\036\277\000n\000\040\000t\000r\000\372\000c\000\040\000c\000o\000n\000t\000r\000o\000l\000\040\000p\000l\000a\000n\000e}{subsection.4.5}% 58
\BOOKMARK [3][-]{subsubsection.4.5.2}{\376\377\036\350\000n\000g\000\040\000d\036\345\000n\000g\000\040\000R\000y\000u\000\040\000v\000\340\000\040\000g\000i\000\341\000m\000\040\000s\000\341\000t}{subsection.4.5}% 59
\BOOKMARK [3][-]{subsubsection.4.5.3}{\376\377\000K\036\277\000t\000\040\000q\000u\036\243\000\040\000k\000i\036\303\000m\000\040\000t\000r\000a\000\040\000S\000D\000N}{subsection.4.5}% 60
\BOOKMARK [2][-]{subsection.4.6}{\376\377\000T\000r\000i\036\303\000n\000\040\000k\000h\000a\000i\000\040\000S\000D\000-\000W\000A\000N\000\040\000g\000i\036\357\000a\000\040\000c\000\341\000c\000\040\000c\001\241\000\040\000s\036\337}{section.4}% 61
\BOOKMARK [3][-]{subsubsection.4.6.1}{\376\377\000C\000o\000n\000t\000r\000o\000l\000l\000e\000r\000,\000\040\000P\000K\000I\000\040\000v\000\340\000\040\000u\000n\000d\000e\000r\000l\000a\000y\000\040\000B\000G\000P}{subsection.4.6}% 62
\BOOKMARK [3][-]{subsubsection.4.6.2}{\376\377\000\301\000n\000h\000\040\000x\036\241\000\040\000v\000E\000d\000g\000e\000,\000\040\000S\000y\000s\000t\000e\000m\000-\000I\000P\000\040\000v\000\340\000\040\000T\000L\000O\000C}{subsection.4.6}% 63
\BOOKMARK [3][-]{subsubsection.4.6.3}{\376\377\000K\036\277\000t\000\040\000q\000u\036\243\000\040\000c\000o\000n\000t\000r\000o\000l\000\040\000p\000l\000a\000n\000e\000,\000\040\000B\000F\000D\000\040\000v\000\340\000\040\000f\000a\000i\000l\000o\000v\000e\000r}{subsection.4.6}% 64
\BOOKMARK [2][-]{subsection.4.7}{\376\377\000K\036\313\000c\000h\000\040\000b\036\243\000n\000\040\000k\000i\036\303\000m\000\040\000t\000h\036\355\000\040\000v\000\340\000\040\000k\036\277\000t\000\040\000q\000u\036\243\000\040\000t\036\325\000n\000g\000\040\000h\036\343\000p}{section.4}% 65
\BOOKMARK [2][-]{subsection.4.8}{\376\377\001\020\000\341\000n\000h\000\040\000g\000i\000\341\000\040\000k\036\277\000t\000\040\000q\000u\036\243}{section.4}% 66
\BOOKMARK [3][-]{subsubsection.4.8.1}{\376\377\000M\036\351\000c\000\040\001\021\036\331\000\040\001\021\000\341\000p\000\040\036\351\000n\000g\000\040\000y\000\352\000u\000\040\000c\036\247\000u\000\040\000c\000h\036\351\000c\000\040\000n\001\003\000n\000g}{subsection.4.8}% 67
\BOOKMARK [3][-]{subsubsection.4.8.2}{\376\377\000T\000\355\000n\000h\000\040\000s\036\265\000n\000\040\000s\000\340\000n\000g\000\040\000v\000\340\000\040\000k\000h\036\243\000\040\000n\001\003\000n\000g\000\040\000p\000h\036\345\000c\000\040\000h\036\323\000i}{subsection.4.8}% 68
\BOOKMARK [3][-]{subsubsection.4.8.3}{\376\377\000H\000i\036\307\000u\000\040\000n\001\003\000n\000g\000\040\000v\000\340\000\040\000k\000h\036\243\000\040\000n\001\003\000n\000g\000\040\000q\000u\000a\000n\000\040\000s\000\341\000t}{subsection.4.8}% 69
\BOOKMARK [3][-]{subsubsection.4.8.4}{\376\377\000K\000h\036\243\000\040\000n\001\003\000n\000g\000\040\000t\000\341\000i\000\040\000l\036\255\000p}{subsection.4.8}% 70
\BOOKMARK [1][-]{section.5}{\376\377\000K\036\276\000T\000\040\000L\000U\036\254\000N\000\040\000V\000\300\000\040\000H\001\257\036\332\000N\000G\000\040\000P\000H\000\301\000T\000\040\000T\000R\000I\036\302\000N}{}% 71
\BOOKMARK [2][-]{subsection.5.1}{\376\377\000K\036\277\000t\000\040\000q\000u\036\243\000\040\001\021\036\241\000t\000\040\001\021\001\260\036\343\000c}{section.5}% 72
\BOOKMARK [2][-]{subsection.5.2}{\376\377\000H\036\241\000n\000\040\000c\000h\036\277\000\040\000c\036\347\000a\000\040\001\021\036\301\000\040\000t\000\340\000i}{section.5}% 73
\BOOKMARK [2][-]{subsection.5.3}{\376\377\000H\001\260\036\333\000n\000g\000\040\000p\000h\000\341\000t\000\040\000t\000r\000i\036\303\000n}{section.5}% 74
\BOOKMARK [2][-]{subsection.5.4}{\376\377\000K\036\277\000t\000\040\000l\000u\036\255\000n\000\040\000c\000h\000u\000n\000g}{section.5}% 75
\BOOKMARK [1][-]{subsection.5.4}{\376\377\000T\000\300\000I\000\040\000L\000I\036\306\000U\000\040\000T\000H\000A\000M\000\040\000K\000H\036\242\000O}{}% 76
\BOOKMARK [1][-]{section*.21}{\376\377\000\040\000P\000H\036\344\000\040\000L\036\344\000C}{}% 77
